// Jest Snapshot v1, https://goo.gl/fbAQLP

exports[`should render cardList component 1`] = `ShallowWrapper {}`;
